[ajoke.cz/wizard2/index.html]
[backblue.gif]
[fade.gif]
[index.html]
[ajoke.cz/wizard2/css/all-1437599036.css]
[ajoke.cz/wizard2/site/index.html]
[ajoke.cz/wizard2/examples.html]
[ajoke.cz/wizard2/documentation.html]
[ajoke.cz/wizard2/index.html]
[ajoke.cz/wizard/img/t1-arr-right.png]
[ajoke.cz/wizard2/assets/2c3c441f/js/bootstrap.js]
[ajoke.cz/wizard/img/t1-arr-left.png]
[ajoke.cz/wizard/img/t2-nav-arr.png]
[ajoke.cz/wizard/img/t2-nav-arr-rtl.png]
[ajoke.cz/wizard/img/t2-nav-arr-down.png]
[ajoke.cz/wizard/img/t2-arr-right.png]
[ajoke.cz/wizard/img/t2-arr-left.png]
[ajoke.cz/wizard/img/t2-nav-bg.png]
[ajoke.cz/wizard2/css/all-1437599036.css]
[ajoke.cz/wizard2/site/index.html]
[ajoke.cz/wizard2/getFinish.html]
[ajoke.cz/wizard2/js/all-1437599036.js]
[ajoke.cz/wizard2/examples6ce8.html]
[ajoke.cz/wizard2/examplese144.html]
[ajoke.cz/wizard2/examples9223.html]
[ajoke.cz/wizard2/examplesf300.html]
[ajoke.cz/wizard2/examplesf335.html]
[ajoke.cz/wizard2/examples4b81.html]
[ajoke.cz/wizard2/examplesd87c.html]
[ajoke.cz/wizard2/examples49e9.html]
[ajoke.cz/wizard2/examples.html]
[ajoke.cz/wizard2/documentation.html]
[ajoke.cz/wizard/img/t2-nav-arr-rtl.html]
[ajoke.cz/wizard2/getFinish.html]
[ajoke.cz/wizard2/examples6ce8.html]
[ajoke.cz/wizard2/examples4d76.html]
[ajoke.cz/wizard2/examples40c9.html]
[ajoke.cz/wizard2/examples54b0.html]
[ajoke.cz/wizard2/examples5694.html]
[ajoke.cz/wizard2/examplese144.html]
[ajoke.cz/wizard2/examplesf96e.html]
[ajoke.cz/wizard2/examplesa47a.html]
[ajoke.cz/wizard2/examples0f09.html]
[ajoke.cz/wizard2/examples05ff.html]
[ajoke.cz/wizard2/examples9223.html]
[ajoke.cz/wizard2/examplesced3.html]
[ajoke.cz/wizard2/examples7412.html]
[ajoke.cz/wizard2/examplesfa3a.html]
[ajoke.cz/wizard2/examplesc9b1.html]
[ajoke.cz/wizard2/examplesf300.html]
[ajoke.cz/wizard2/examples8c02.html]
[ajoke.cz/wizard2/examplesd51b.html]
[ajoke.cz/wizard2/examples465c.html]
[ajoke.cz/wizard2/examples4544.html]
[ajoke.cz/wizard2/examplesf335.html]
[ajoke.cz/wizard2/examples9dd4.html]
[ajoke.cz/wizard2/examples4b81.html]
[ajoke.cz/wizard2/examples320d.html]
[ajoke.cz/wizard2/examplesd87c.html]
[ajoke.cz/wizard2/examples04c5.html]
[ajoke.cz/wizard2/examples49e9.html]
[ajoke.cz/wizard2/examples4d76.html]
[ajoke.cz/wizard2/examples5485.html]
[ajoke.cz/wizard2/examples40c9.html]
[ajoke.cz/wizard2/examples991c.html]
[ajoke.cz/wizard2/examples54b0.html]
[ajoke.cz/wizard2/examples0202.html]
[ajoke.cz/wizard2/examples5694.html]
[ajoke.cz/wizard2/examplesf96e.html]
[ajoke.cz/wizard2/examples9ecf.html]
[ajoke.cz/wizard2/examplesa47a.html]
[ajoke.cz/wizard2/examples6729.html]
[ajoke.cz/wizard2/examples0f09.html]
[ajoke.cz/wizard2/examples1f11.html]
[ajoke.cz/wizard2/examples05ff.html]
[ajoke.cz/wizard2/examplesced3.html]
[ajoke.cz/wizard2/examples74de.html]
[ajoke.cz/wizard2/examples7412.html]
[ajoke.cz/wizard2/examplesbe55.html]
[ajoke.cz/wizard2/examplesfa3a.html]
[ajoke.cz/wizard2/examples1850.html]
[ajoke.cz/wizard2/examplesc9b1.html]
[ajoke.cz/wizard2/examples8c02.html]
[ajoke.cz/wizard2/examples3a68.html]
[ajoke.cz/wizard2/examplesd51b.html]
[ajoke.cz/wizard2/examples492f.html]
[ajoke.cz/wizard2/examples465c.html]
[ajoke.cz/wizard2/examples31e3.html]
[ajoke.cz/wizard2/examples4544.html]
[ajoke.cz/wizard2/examples9dd4.html]
[ajoke.cz/wizard2/examples320d.html]
[ajoke.cz/wizard2/examples04c5.html]
[ajoke.cz/wizard2/examples5485.html]
[ajoke.cz/wizard2/examples991c.html]
[ajoke.cz/wizard2/examples0202.html]
[ajoke.cz/wizard2/examples9ecf.html]
[ajoke.cz/wizard2/examples6729.html]
[ajoke.cz/wizard2/examples1f11.html]
[ajoke.cz/wizard2/examples74de.html]
[ajoke.cz/wizard2/examplesbe55.html]
[ajoke.cz/wizard2/examples1850.html]
[ajoke.cz/wizard2/examples3a68.html]
[ajoke.cz/wizard2/examples492f.html]
[ajoke.cz/wizard2/examples31e3.html]
[ajoke.cz/wizard2/examplescd82.html]
[ajoke.cz/wizard2/examplescd82.html]
